printing from C
printing from C
deref in C has value: 5
